Analytics Error: StrictPopulateError: Cannot populate path `workerId` because it is not in your schema. Set the `strictPopulate` option to false to override.
    at getModelsMapForPopulate (C:\Users\ACER\OneDrive\Documents\CODING LANGUGES\IdeaLab\disaster-relief-qr-system1\node_modules\mongoose\lib\helpers\populate\getModelsMapForPopulate.js:55:12)
    at _populatePath (C:\Users\ACER\OneDrive\Documents\CODING LANGUGES\IdeaLab\disaster-relief-qr-system1\node_modules\mongoose\lib\model.js:4417:21)
    at Function.populate (C:\Users\ACER\OneDrive\Documents\CODING LANGUGES\IdeaLab\disaster-relief-qr-system1\node_modules\mongoose\lib\model.js:4384:21)
    at model.Query._find (C:\Users\ACER\OneDrive\Documents\CODING LANGUGES\IdeaLab\disaster-relief-qr-system1\node_modules\mongoose\lib\query.js:2470:20)
    at process.processTicksAndRejections (node:internal/process/task_queues:105:5)
    at async model.Query.exec (C:\Users\ACER\OneDrive\Documents\CODING LANGUGES\IdeaLab\disaster-relief-qr-system1\node_modules\mongoose\lib\query.js:4726:63)
    at async C:\Users\ACER\OneDrive\Documents\CODING LANGUGES\IdeaLab\disaster-relief-qr-system1\backend\routes\auditRoutes.js:72:31 {
  path: 'workerId'
}
Analytics Error: StrictPopulateError: Cannot populate path `workerId` because it is not in your schema. Set the `strictPopulate` option to false to override.
    at getModelsMapForPopulate (C:\Users\ACER\OneDrive\Documents\CODING LANGUGES\IdeaLab\disaster-relief-qr-system1\node_modules\mongoose\lib\helpers\populate\getModelsMapForPopulate.js:55:12)
    at _populatePath (C:\Users\ACER\OneDrive\Documents\CODING LANGUGES\IdeaLab\disaster-relief-qr-system1\node_modules\mongoose\lib\model.js:4417:21)
    at Function.populate (C:\Users\ACER\OneDrive\Documents\CODING LANGUGES\IdeaLab\disaster-relief-qr-system1\node_modules\mongoose\lib\model.js:4384:21)
    at model.Query._find (C:\Users\ACER\OneDrive\Documents\CODING LANGUGES\IdeaLab\disaster-relief-qr-system1\node_modules\mongoose\lib\query.js:2470:20)
    at process.processTicksAndRejections (node:internal/process/task_queues:105:5)
    at async model.Query.exec (C:\Users\ACER\OneDrive\Documents\CODING LANGUGES\IdeaLab\disaster-relief-qr-system1\node_modules\mongoose\lib\query.js:4726:63)
    at async C:\Users\ACER\OneDrive\Documents\CODING LANGUGES\IdeaLab\disaster-relief-qr-system1\backend\routes\auditRoutes.js:72:31 {
  path: 'workerId'
}
Analytics Error: StrictPopulateError: Cannot populate path `workerId` because it is not in your schema. Set the `strictPopulate` option to false to override.
    at getModelsMapForPopulate (C:\Users\ACER\OneDrive\Documents\CODING LANGUGES\IdeaLab\disaster-relief-qr-system1\node_modules\mongoose\lib\helpers\populate\getModelsMapForPopulate.js:55:12)
    at _populatePath (C:\Users\ACER\OneDrive\Documents\CODING LANGUGES\IdeaLab\disaster-relief-qr-system1\node_modules\mongoose\lib\model.js:4417:21)
    at Function.populate (C:\Users\ACER\OneDrive\Documents\CODING LANGUGES\IdeaLab\disaster-relief-qr-system1\node_modules\mongoose\lib\model.js:4384:21)
    at model.Query._find (C:\Users\ACER\OneDrive\Documents\CODING LANGUGES\IdeaLab\disaster-relief-qr-system1\node_modules\mongoose\lib\query.js:2470:20)
    at process.processTicksAndRejections (node:internal/process/task_queues:105:5)
    at async model.Query.exec (C:\Users\ACER\OneDrive\Documents\CODING LANGUGES\IdeaLab\disaster-relief-qr-system1\node_modules\mongoose\lib\query.js:4726:63)
    at async C:\Users\ACER\OneDrive\Documents\CODING LANGUGES\IdeaLab\disaster-relief-qr-system1\backend\routes\auditRoutes.js:72:31 {
  path: 'workerId'
}
